  Determining projects to restore...
  All projects are up-to-date for restore.
  Common -> D:\Hoc_tap\DATN\Code\BE\BE\Common\bin\Debug\net9.0\Common.dll
  Models -> D:\Hoc_tap\DATN\Code\BE\BE\Models\bin\Debug\net9.0\Models.dll
  DTO -> D:\Hoc_tap\DATN\Code\BE\BE\DTO\bin\Debug\net9.0\DTO.dll
D:\Hoc_tap\DATN\Code\BE\BE\DAL\NguoiDungSocialDal.cs(53,34): warning CS0168: The variable 'ex' is declared but never used [D:\Hoc_tap\DATN\Code\BE\BE\DAL\DAL.csproj]
  DAL -> D:\Hoc_tap\DATN\Code\BE\BE\DAL\bin\Debug\net9.0\DAL.dll
  BLL -> D:\Hoc_tap\DATN\Code\BE\BE\BLL\bin\Debug\net9.0\BLL.dll
D:\Hoc_tap\DATN\Code\BE\BE\API_QT\Controllers\TyGiaController.cs(24,30): error CS1061: 'AppDbContext' does not contain a definition for 'Tygia' and no accessible extension method 'Tygia' accepting a first argument of type 'AppDbContext' could be found (are you missing a using directive or an assembly reference?) [D:\Hoc_tap\DATN\Code\BE\BE\API_QT\API_QT.csproj]
D:\Hoc_tap\DATN\Code\BE\BE\API_QT\Controllers\TyGiaController.cs(25,39): error CS1061: 'TEntity' does not contain a definition for 'NgayCapNhat' and no accessible extension method 'NgayCapNhat' accepting a first argument of type 'TEntity' could be found (are you missing a using directive or an assembly reference?) [D:\Hoc_tap\DATN\Code\BE\BE\API_QT\API_QT.csproj]
D:\Hoc_tap\DATN\Code\BE\BE\API_QT\Controllers\TyGiaController.cs(42,32): error CS1061: 'AppDbContext' does not contain a definition for 'Tygia' and no accessible extension method 'Tygia' accepting a first argument of type 'AppDbContext' could be found (are you missing a using directive or an assembly reference?) [D:\Hoc_tap\DATN\Code\BE\BE\API_QT\API_QT.csproj]
D:\Hoc_tap\DATN\Code\BE\BE\API_QT\Program.cs(51,80): warning CS8604: Possible null reference argument for parameter 's' in 'byte[] Encoding.GetBytes(string s)'. [D:\Hoc_tap\DATN\Code\BE\BE\API_QT\API_QT.csproj]
D:\Hoc_tap\DATN\Code\BE\BE\API_ND\Controllers\XacThucController.cs(98,64): error CS1061: 'IXacThucBll' does not contain a definition for 'LamMoiTokenAsync' and no accessible extension method 'LamMoiTokenAsync' accepting a first argument of type 'IXacThucBll' could be found (are you missing a using directive or an assembly reference?) [D:\Hoc_tap\DATN\Code\BE\BE\API_ND\API_ND.csproj]
D:\Hoc_tap\DATN\Code\BE\BE\API_ND\Controllers\XacThucController.cs(98,14): error CS8130: Cannot infer the type of implicitly-typed deconstruction variable 'thanhCong'. [D:\Hoc_tap\DATN\Code\BE\BE\API_ND\API_ND.csproj]
D:\Hoc_tap\DATN\Code\BE\BE\API_ND\Controllers\XacThucController.cs(98,25): error CS8130: Cannot infer the type of implicitly-typed deconstruction variable 'thongDiep'. [D:\Hoc_tap\DATN\Code\BE\BE\API_ND\API_ND.csproj]
D:\Hoc_tap\DATN\Code\BE\BE\API_ND\Controllers\XacThucController.cs(98,36): error CS8130: Cannot infer the type of implicitly-typed deconstruction variable 'duLieu'. [D:\Hoc_tap\DATN\Code\BE\BE\API_ND\API_ND.csproj]
D:\Hoc_tap\DATN\Code\BE\BE\API_ND\Controllers\XacThucController.cs(112,27): error CS1061: 'IXacThucBll' does not contain a definition for 'DangXuatAsync' and no accessible extension method 'DangXuatAsync' accepting a first argument of type 'IXacThucBll' could be found (are you missing a using directive or an assembly reference?) [D:\Hoc_tap\DATN\Code\BE\BE\API_ND\API_ND.csproj]
D:\Hoc_tap\DATN\Code\BE\BE\API_ND\Controllers\XacThucController.cs(123,56): error CS1061: 'IXacThucBll' does not contain a definition for 'QuenMatKhauEmailAsync' and no accessible extension method 'QuenMatKhauEmailAsync' accepting a first argument of type 'IXacThucBll' could be found (are you missing a using directive or an assembly reference?) [D:\Hoc_tap\DATN\Code\BE\BE\API_ND\API_ND.csproj]
D:\Hoc_tap\DATN\Code\BE\BE\API_ND\Controllers\XacThucController.cs(123,14): error CS8130: Cannot infer the type of implicitly-typed deconstruction variable 'thanhCong'. [D:\Hoc_tap\DATN\Code\BE\BE\API_ND\API_ND.csproj]
D:\Hoc_tap\DATN\Code\BE\BE\API_ND\Controllers\XacThucController.cs(123,25): error CS8130: Cannot infer the type of implicitly-typed deconstruction variable 'thongDiep'. [D:\Hoc_tap\DATN\Code\BE\BE\API_ND\API_ND.csproj]
D:\Hoc_tap\DATN\Code\BE\BE\API_ND\Controllers\XacThucController.cs(137,65): error CS1061: 'IXacThucBll' does not contain a definition for 'QuenMatKhauSdtAsync' and no accessible extension method 'QuenMatKhauSdtAsync' accepting a first argument of type 'IXacThucBll' could be found (are you missing a using directive or an assembly reference?) [D:\Hoc_tap\DATN\Code\BE\BE\API_ND\API_ND.csproj]
D:\Hoc_tap\DATN\Code\BE\BE\API_ND\Controllers\XacThucController.cs(137,14): error CS8130: Cannot infer the type of implicitly-typed deconstruction variable 'thanhCong'. [D:\Hoc_tap\DATN\Code\BE\BE\API_ND\API_ND.csproj]
D:\Hoc_tap\DATN\Code\BE\BE\API_ND\Controllers\XacThucController.cs(137,25): error CS8130: Cannot infer the type of implicitly-typed deconstruction variable 'thongDiep'. [D:\Hoc_tap\DATN\Code\BE\BE\API_ND\API_ND.csproj]
D:\Hoc_tap\DATN\Code\BE\BE\API_ND\Controllers\XacThucController.cs(137,36): error CS8130: Cannot infer the type of implicitly-typed deconstruction variable 'phienId'. [D:\Hoc_tap\DATN\Code\BE\BE\API_ND\API_ND.csproj]
D:\Hoc_tap\DATN\Code\BE\BE\API_ND\Controllers\XacThucController.cs(151,91): error CS1061: 'YeuCauXacThucOtpDto' does not contain a definition for 'PienOtpId' and no accessible extension method 'PienOtpId' accepting a first argument of type 'YeuCauXacThucOtpDto' could be found (are you missing a using directive or an assembly reference?) [D:\Hoc_tap\DATN\Code\BE\BE\API_ND\API_ND.csproj]
D:\Hoc_tap\DATN\Code\BE\BE\API_ND\Controllers\XacThucController.cs(151,68): error CS1061: 'IXacThucBll' does not contain a definition for 'XacThucOtpAsync' and no accessible extension method 'XacThucOtpAsync' accepting a first argument of type 'IXacThucBll' could be found (are you missing a using directive or an assembly reference?) [D:\Hoc_tap\DATN\Code\BE\BE\API_ND\API_ND.csproj]
D:\Hoc_tap\DATN\Code\BE\BE\API_ND\Controllers\XacThucController.cs(151,14): error CS8130: Cannot infer the type of implicitly-typed deconstruction variable 'thanhCong'. [D:\Hoc_tap\DATN\Code\BE\BE\API_ND\API_ND.csproj]
D:\Hoc_tap\DATN\Code\BE\BE\API_ND\Controllers\XacThucController.cs(151,25): error CS8130: Cannot infer the type of implicitly-typed deconstruction variable 'thongDiep'. [D:\Hoc_tap\DATN\Code\BE\BE\API_ND\API_ND.csproj]
D:\Hoc_tap\DATN\Code\BE\BE\API_ND\Controllers\XacThucController.cs(151,36): error CS8130: Cannot infer the type of implicitly-typed deconstruction variable 'resetToken'. [D:\Hoc_tap\DATN\Code\BE\BE\API_ND\API_ND.csproj]
D:\Hoc_tap\DATN\Code\BE\BE\API_ND\Controllers\XacThucController.cs(165,56): error CS1061: 'IXacThucBll' does not contain a definition for 'DatLaiMatKhauAsync' and no accessible extension method 'DatLaiMatKhauAsync' accepting a first argument of type 'IXacThucBll' could be found (are you missing a using directive or an assembly reference?) [D:\Hoc_tap\DATN\Code\BE\BE\API_ND\API_ND.csproj]
D:\Hoc_tap\DATN\Code\BE\BE\API_ND\Controllers\XacThucController.cs(165,14): error CS8130: Cannot infer the type of implicitly-typed deconstruction variable 'thanhCong'. [D:\Hoc_tap\DATN\Code\BE\BE\API_ND\API_ND.csproj]
D:\Hoc_tap\DATN\Code\BE\BE\API_ND\Controllers\XacThucController.cs(165,25): error CS8130: Cannot infer the type of implicitly-typed deconstruction variable 'thongDiep'. [D:\Hoc_tap\DATN\Code\BE\BE\API_ND\API_ND.csproj]
D:\Hoc_tap\DATN\Code\BE\BE\API_ND\Controllers\TongQuanController.cs(25,42): error CS0103: The name 'JwtRegisteredClaimNames' does not exist in the current context [D:\Hoc_tap\DATN\Code\BE\BE\API_ND\API_ND.csproj]
D:\Hoc_tap\DATN\Code\BE\BE\API_ND\Controllers\TongQuanController.cs(39,26): error CS0029: Cannot implicitly convert type 'string' to 'System.DateTime?' [D:\Hoc_tap\DATN\Code\BE\BE\API_ND\API_ND.csproj]
D:\Hoc_tap\DATN\Code\BE\BE\API_ND\Controllers\TongQuanController.cs(40,27): error CS0029: Cannot implicitly convert type 'string' to 'System.DateTime?' [D:\Hoc_tap\DATN\Code\BE\BE\API_ND\API_ND.csproj]
D:\Hoc_tap\DATN\Code\BE\BE\API_ND\Controllers\TongQuanController.cs(64,17): error CS0117: 'LocGiaoDichDto' does not contain a definition for 'SortBy' [D:\Hoc_tap\DATN\Code\BE\BE\API_ND\API_ND.csproj]
D:\Hoc_tap\DATN\Code\BE\BE\API_ND\Controllers\TongQuanController.cs(65,17): error CS0117: 'LocGiaoDichDto' does not contain a definition for 'SortDir' [D:\Hoc_tap\DATN\Code\BE\BE\API_ND\API_ND.csproj]
D:\Hoc_tap\DATN\Code\BE\BE\API_ND\Program.cs(72,80): warning CS8604: Possible null reference argument for parameter 's' in 'byte[] Encoding.GetBytes(string s)'. [D:\Hoc_tap\DATN\Code\BE\BE\API_ND\API_ND.csproj]
D:\Hoc_tap\DATN\Code\BE\BE\API_ND\Controllers\TaiKhoanController.cs(76,44): error CS1061: 'ITaiKhoanBll' does not contain a definition for 'XoaAsync' and no accessible extension method 'XoaAsync' accepting a first argument of type 'ITaiKhoanBll' could be found (are you missing a using directive or an assembly reference?) [D:\Hoc_tap\DATN\Code\BE\BE\API_ND\API_ND.csproj]
D:\Hoc_tap\DATN\Code\BE\BE\API_ND\Controllers\TaiKhoanController.cs(112,54): error CS1061: 'int' does not contain a definition for 'Value' and no accessible extension method 'Value' accepting a first argument of type 'int' could be found (are you missing a using directive or an assembly reference?) [D:\Hoc_tap\DATN\Code\BE\BE\API_ND\API_ND.csproj]

Build FAILED.

D:\Hoc_tap\DATN\Code\BE\BE\DAL\NguoiDungSocialDal.cs(53,34): warning CS0168: The variable 'ex' is declared but never used [D:\Hoc_tap\DATN\Code\BE\BE\DAL\DAL.csproj]
D:\Hoc_tap\DATN\Code\BE\BE\API_QT\Program.cs(51,80): warning CS8604: Possible null reference argument for parameter 's' in 'byte[] Encoding.GetBytes(string s)'. [D:\Hoc_tap\DATN\Code\BE\BE\API_QT\API_QT.csproj]
D:\Hoc_tap\DATN\Code\BE\BE\API_ND\Program.cs(72,80): warning CS8604: Possible null reference argument for parameter 's' in 'byte[] Encoding.GetBytes(string s)'. [D:\Hoc_tap\DATN\Code\BE\BE\API_ND\API_ND.csproj]
D:\Hoc_tap\DATN\Code\BE\BE\API_QT\Controllers\TyGiaController.cs(24,30): error CS1061: 'AppDbContext' does not contain a definition for 'Tygia' and no accessible extension method 'Tygia' accepting a first argument of type 'AppDbContext' could be found (are you missing a using directive or an assembly reference?) [D:\Hoc_tap\DATN\Code\BE\BE\API_QT\API_QT.csproj]
D:\Hoc_tap\DATN\Code\BE\BE\API_QT\Controllers\TyGiaController.cs(25,39): error CS1061: 'TEntity' does not contain a definition for 'NgayCapNhat' and no accessible extension method 'NgayCapNhat' accepting a first argument of type 'TEntity' could be found (are you missing a using directive or an assembly reference?) [D:\Hoc_tap\DATN\Code\BE\BE\API_QT\API_QT.csproj]
D:\Hoc_tap\DATN\Code\BE\BE\API_QT\Controllers\TyGiaController.cs(42,32): error CS1061: 'AppDbContext' does not contain a definition for 'Tygia' and no accessible extension method 'Tygia' accepting a first argument of type 'AppDbContext' could be found (are you missing a using directive or an assembly reference?) [D:\Hoc_tap\DATN\Code\BE\BE\API_QT\API_QT.csproj]
D:\Hoc_tap\DATN\Code\BE\BE\API_ND\Controllers\XacThucController.cs(98,64): error CS1061: 'IXacThucBll' does not contain a definition for 'LamMoiTokenAsync' and no accessible extension method 'LamMoiTokenAsync' accepting a first argument of type 'IXacThucBll' could be found (are you missing a using directive or an assembly reference?) [D:\Hoc_tap\DATN\Code\BE\BE\API_ND\API_ND.csproj]
D:\Hoc_tap\DATN\Code\BE\BE\API_ND\Controllers\XacThucController.cs(98,14): error CS8130: Cannot infer the type of implicitly-typed deconstruction variable 'thanhCong'. [D:\Hoc_tap\DATN\Code\BE\BE\API_ND\API_ND.csproj]
D:\Hoc_tap\DATN\Code\BE\BE\API_ND\Controllers\XacThucController.cs(98,25): error CS8130: Cannot infer the type of implicitly-typed deconstruction variable 'thongDiep'. [D:\Hoc_tap\DATN\Code\BE\BE\API_ND\API_ND.csproj]
D:\Hoc_tap\DATN\Code\BE\BE\API_ND\Controllers\XacThucController.cs(98,36): error CS8130: Cannot infer the type of implicitly-typed deconstruction variable 'duLieu'. [D:\Hoc_tap\DATN\Code\BE\BE\API_ND\API_ND.csproj]
D:\Hoc_tap\DATN\Code\BE\BE\API_ND\Controllers\XacThucController.cs(112,27): error CS1061: 'IXacThucBll' does not contain a definition for 'DangXuatAsync' and no accessible extension method 'DangXuatAsync' accepting a first argument of type 'IXacThucBll' could be found (are you missing a using directive or an assembly reference?) [D:\Hoc_tap\DATN\Code\BE\BE\API_ND\API_ND.csproj]
D:\Hoc_tap\DATN\Code\BE\BE\API_ND\Controllers\XacThucController.cs(123,56): error CS1061: 'IXacThucBll' does not contain a definition for 'QuenMatKhauEmailAsync' and no accessible extension method 'QuenMatKhauEmailAsync' accepting a first argument of type 'IXacThucBll' could be found (are you missing a using directive or an assembly reference?) [D:\Hoc_tap\DATN\Code\BE\BE\API_ND\API_ND.csproj]
D:\Hoc_tap\DATN\Code\BE\BE\API_ND\Controllers\XacThucController.cs(123,14): error CS8130: Cannot infer the type of implicitly-typed deconstruction variable 'thanhCong'. [D:\Hoc_tap\DATN\Code\BE\BE\API_ND\API_ND.csproj]
D:\Hoc_tap\DATN\Code\BE\BE\API_ND\Controllers\XacThucController.cs(123,25): error CS8130: Cannot infer the type of implicitly-typed deconstruction variable 'thongDiep'. [D:\Hoc_tap\DATN\Code\BE\BE\API_ND\API_ND.csproj]
D:\Hoc_tap\DATN\Code\BE\BE\API_ND\Controllers\XacThucController.cs(137,65): error CS1061: 'IXacThucBll' does not contain a definition for 'QuenMatKhauSdtAsync' and no accessible extension method 'QuenMatKhauSdtAsync' accepting a first argument of type 'IXacThucBll' could be found (are you missing a using directive or an assembly reference?) [D:\Hoc_tap\DATN\Code\BE\BE\API_ND\API_ND.csproj]
D:\Hoc_tap\DATN\Code\BE\BE\API_ND\Controllers\XacThucController.cs(137,14): error CS8130: Cannot infer the type of implicitly-typed deconstruction variable 'thanhCong'. [D:\Hoc_tap\DATN\Code\BE\BE\API_ND\API_ND.csproj]
D:\Hoc_tap\DATN\Code\BE\BE\API_ND\Controllers\XacThucController.cs(137,25): error CS8130: Cannot infer the type of implicitly-typed deconstruction variable 'thongDiep'. [D:\Hoc_tap\DATN\Code\BE\BE\API_ND\API_ND.csproj]
D:\Hoc_tap\DATN\Code\BE\BE\API_ND\Controllers\XacThucController.cs(137,36): error CS8130: Cannot infer the type of implicitly-typed deconstruction variable 'phienId'. [D:\Hoc_tap\DATN\Code\BE\BE\API_ND\API_ND.csproj]
D:\Hoc_tap\DATN\Code\BE\BE\API_ND\Controllers\XacThucController.cs(151,91): error CS1061: 'YeuCauXacThucOtpDto' does not contain a definition for 'PienOtpId' and no accessible extension method 'PienOtpId' accepting a first argument of type 'YeuCauXacThucOtpDto' could be found (are you missing a using directive or an assembly reference?) [D:\Hoc_tap\DATN\Code\BE\BE\API_ND\API_ND.csproj]
D:\Hoc_tap\DATN\Code\BE\BE\API_ND\Controllers\XacThucController.cs(151,68): error CS1061: 'IXacThucBll' does not contain a definition for 'XacThucOtpAsync' and no accessible extension method 'XacThucOtpAsync' accepting a first argument of type 'IXacThucBll' could be found (are you missing a using directive or an assembly reference?) [D:\Hoc_tap\DATN\Code\BE\BE\API_ND\API_ND.csproj]
D:\Hoc_tap\DATN\Code\BE\BE\API_ND\Controllers\XacThucController.cs(151,14): error CS8130: Cannot infer the type of implicitly-typed deconstruction variable 'thanhCong'. [D:\Hoc_tap\DATN\Code\BE\BE\API_ND\API_ND.csproj]
D:\Hoc_tap\DATN\Code\BE\BE\API_ND\Controllers\XacThucController.cs(151,25): error CS8130: Cannot infer the type of implicitly-typed deconstruction variable 'thongDiep'. [D:\Hoc_tap\DATN\Code\BE\BE\API_ND\API_ND.csproj]
D:\Hoc_tap\DATN\Code\BE\BE\API_ND\Controllers\XacThucController.cs(151,36): error CS8130: Cannot infer the type of implicitly-typed deconstruction variable 'resetToken'. [D:\Hoc_tap\DATN\Code\BE\BE\API_ND\API_ND.csproj]
D:\Hoc_tap\DATN\Code\BE\BE\API_ND\Controllers\XacThucController.cs(165,56): error CS1061: 'IXacThucBll' does not contain a definition for 'DatLaiMatKhauAsync' and no accessible extension method 'DatLaiMatKhauAsync' accepting a first argument of type 'IXacThucBll' could be found (are you missing a using directive or an assembly reference?) [D:\Hoc_tap\DATN\Code\BE\BE\API_ND\API_ND.csproj]
D:\Hoc_tap\DATN\Code\BE\BE\API_ND\Controllers\XacThucController.cs(165,14): error CS8130: Cannot infer the type of implicitly-typed deconstruction variable 'thanhCong'. [D:\Hoc_tap\DATN\Code\BE\BE\API_ND\API_ND.csproj]
D:\Hoc_tap\DATN\Code\BE\BE\API_ND\Controllers\XacThucController.cs(165,25): error CS8130: Cannot infer the type of implicitly-typed deconstruction variable 'thongDiep'. [D:\Hoc_tap\DATN\Code\BE\BE\API_ND\API_ND.csproj]
D:\Hoc_tap\DATN\Code\BE\BE\API_ND\Controllers\TongQuanController.cs(25,42): error CS0103: The name 'JwtRegisteredClaimNames' does not exist in the current context [D:\Hoc_tap\DATN\Code\BE\BE\API_ND\API_ND.csproj]
D:\Hoc_tap\DATN\Code\BE\BE\API_ND\Controllers\TongQuanController.cs(39,26): error CS0029: Cannot implicitly convert type 'string' to 'System.DateTime?' [D:\Hoc_tap\DATN\Code\BE\BE\API_ND\API_ND.csproj]
D:\Hoc_tap\DATN\Code\BE\BE\API_ND\Controllers\TongQuanController.cs(40,27): error CS0029: Cannot implicitly convert type 'string' to 'System.DateTime?' [D:\Hoc_tap\DATN\Code\BE\BE\API_ND\API_ND.csproj]
D:\Hoc_tap\DATN\Code\BE\BE\API_ND\Controllers\TongQuanController.cs(64,17): error CS0117: 'LocGiaoDichDto' does not contain a definition for 'SortBy' [D:\Hoc_tap\DATN\Code\BE\BE\API_ND\API_ND.csproj]
D:\Hoc_tap\DATN\Code\BE\BE\API_ND\Controllers\TongQuanController.cs(65,17): error CS0117: 'LocGiaoDichDto' does not contain a definition for 'SortDir' [D:\Hoc_tap\DATN\Code\BE\BE\API_ND\API_ND.csproj]
D:\Hoc_tap\DATN\Code\BE\BE\API_ND\Controllers\TaiKhoanController.cs(76,44): error CS1061: 'ITaiKhoanBll' does not contain a definition for 'XoaAsync' and no accessible extension method 'XoaAsync' accepting a first argument of type 'ITaiKhoanBll' could be found (are you missing a using directive or an assembly reference?) [D:\Hoc_tap\DATN\Code\BE\BE\API_ND\API_ND.csproj]
D:\Hoc_tap\DATN\Code\BE\BE\API_ND\Controllers\TaiKhoanController.cs(112,54): error CS1061: 'int' does not contain a definition for 'Value' and no accessible extension method 'Value' accepting a first argument of type 'int' could be found (are you missing a using directive or an assembly reference?) [D:\Hoc_tap\DATN\Code\BE\BE\API_ND\API_ND.csproj]
    3 Warning(s)
    30 Error(s)

Time Elapsed 00:00:12.34

Workload updates are available. Run `dotnet workload list` for more information.
